

================================================================
== Vitis HLS Report for 'fir'
================================================================
* Date:           Mon May 16 17:54:58 2022

* Version:        2020.2 (Build 3064766 on Wed Nov 18 09:12:45 MST 2020)
* Project:        basic
* Solution:       solution1 (Vivado IP Flow Target)
* Product family: artix7
* Target device:  xc7a35t-cpg236-1


================================================================
== Performance Estimates
================================================================
+ Timing: 
    * Summary: 
    +--------+----------+----------+------------+
    |  Clock |  Target  | Estimated| Uncertainty|
    +--------+----------+----------+------------+
    |ap_clk  |  10.00 ns|  6.860 ns|     2.70 ns|
    +--------+----------+----------+------------+

+ Latency: 
    * Summary: 
    +---------+---------+----------+----------+-----+-----+---------+
    |  Latency (cycles) |  Latency (absolute) |  Interval | Pipeline|
    |   min   |   max   |    min   |    max   | min | max |   Type  |
    +---------+---------+----------+----------+-----+-----+---------+
    |       36|       36|  0.360 us|  0.360 us|   37|   37|     none|
    +---------+---------+----------+----------+-----+-----+---------+

    + Detail: 
        * Instance: 
        N/A

        * Loop: 
        +------------------+---------+---------+----------+-----------+-----------+------+----------+
        |                  |  Latency (cycles) | Iteration|  Initiation Interval  | Trip |          |
        |     Loop Name    |   min   |   max   |  Latency |  achieved |   target  | Count| Pipelined|
        +------------------+---------+---------+----------+-----------+-----------+------+----------+
        |- broadcast_loop  |       32|       32|         5|          2|          2|    15|       yes|
        +------------------+---------+---------+----------+-----------+-----------+------+----------+



================================================================
== Utilization Estimates
================================================================
* Summary: 
+-----------------+---------+----+-------+-------+-----+
|       Name      | BRAM_18K| DSP|   FF  |  LUT  | URAM|
+-----------------+---------+----+-------+-------+-----+
|DSP              |        -|   -|      -|      -|    -|
|Expression       |        -|   -|      0|     63|    -|
|FIFO             |        -|   -|      -|      -|    -|
|Instance         |        -|   0|    330|    100|    -|
|Memory           |        2|   -|     32|      8|    -|
|Multiplexer      |        -|   -|      -|     82|    -|
|Register         |        -|   -|    155|      -|    -|
+-----------------+---------+----+-------+-------+-----+
|Total            |        2|   0|    517|    253|    0|
+-----------------+---------+----+-------+-------+-----+
|Available        |      100|  90|  41600|  20800|    0|
+-----------------+---------+----+-------+-------+-----+
|Utilization (%)  |        2|   0|      1|      1|    0|
+-----------------+---------+----+-------+-------+-----+

+ Detail: 
    * Instance: 
    +-----------------------+--------------------+---------+----+-----+----+-----+
    |        Instance       |       Module       | BRAM_18K| DSP|  FF | LUT| URAM|
    +-----------------------+--------------------+---------+----+-----+----+-----+
    |mul_10s_32s_32_2_1_U1  |mul_10s_32s_32_2_1  |        0|   0|  165|  50|    0|
    |mul_32s_5ns_32_2_1_U2  |mul_32s_5ns_32_2_1  |        0|   0|  165|  50|    0|
    +-----------------------+--------------------+---------+----+-----+----+-----+
    |Total                  |                    |        0|   0|  330| 100|    0|
    +-----------------------+--------------------+---------+----+-----+----+-----+

    * DSP: 
    N/A

    * Memory: 
    +-----------------+---------------+---------+----+----+-----+------+-----+------+-------------+
    |      Memory     |     Module    | BRAM_18K| FF | LUT| URAM| Words| Bits| Banks| W*Bits*Banks|
    +-----------------+---------------+---------+----+----+-----+------+-----+------+-------------+
    |Acc_U            |Acc            |        2|   0|   0|    0|    16|   32|     1|          512|
    |fir_int_int_w_U  |fir_int_int_w  |        0|  32|   8|    0|    16|   32|     1|          512|
    +-----------------+---------------+---------+----+----+-----+------+-----+------+-------------+
    |Total            |               |        2|  32|   8|    0|    32|   64|     2|         1024|
    +-----------------+---------------+---------+----+----+-----+------+-----+------+-------------+

    * FIFO: 
    N/A

    * Expression: 
    +---------------------+----------+----+---+----+------------+------------+
    |    Variable Name    | Operation| DSP| FF| LUT| Bitwidth P0| Bitwidth P1|
    +---------------------+----------+----+---+----+------------+------------+
    |Acc_d0               |         +|   0|  0|  39|          32|          32|
    |add_ln16_fu_135_p2   |         +|   0|  0|  13|           4|           2|
    |icmp_ln16_fu_124_p2  |      icmp|   0|  0|   9|           4|           1|
    |ap_enable_pp0        |       xor|   0|  0|   2|           1|           2|
    +---------------------+----------+----+---+----+------------+------------+
    |Total                |          |   0|  0|  63|          41|          37|
    +---------------------+----------+----+---+----+------------+------------+

    * Multiplexer: 
    +----------------------------+----+-----------+-----+-----------+
    |            Name            | LUT| Input Size| Bits| Total Bits|
    +----------------------------+----+-----------+-----+-----------+
    |Acc_address0                |  13|          3|    4|         12|
    |Acc_address1                |  13|          3|    4|         12|
    |ap_NS_fsm                   |  29|          7|    1|          7|
    |ap_enable_reg_pp0_iter2     |   9|          2|    1|          2|
    |ap_phi_mux_j_phi_fu_116_p4  |   9|          2|    4|          8|
    |j_reg_112                   |   9|          2|    4|          8|
    +----------------------------+----+-----------+-----+-----------+
    |Total                       |  82|         19|   18|         49|
    +----------------------------+----+-----------+-----+-----------+

    * Register: 
    +---------------------------------+----+----+-----+-----------+
    |               Name              | FF | LUT| Bits| Const Bits|
    +---------------------------------+----+----+-----+-----------+
    |Acc_load_reg_200                 |  32|   0|   32|          0|
    |add_ln16_reg_179                 |   4|   0|    4|          0|
    |ap_CS_fsm                        |   6|   0|    6|          0|
    |ap_enable_reg_pp0_iter0          |   1|   0|    1|          0|
    |ap_enable_reg_pp0_iter1          |   1|   0|    1|          0|
    |ap_enable_reg_pp0_iter2          |   1|   0|    1|          0|
    |fir_int_int_w_load_reg_185       |  32|   0|   32|          0|
    |icmp_ln16_reg_165                |   1|   0|    1|          0|
    |icmp_ln16_reg_165_pp0_iter1_reg  |   1|   0|    1|          0|
    |j_reg_112                        |   4|   0|    4|          0|
    |mul_ln20_reg_195                 |  32|   0|   32|          0|
    |mul_ln22_reg_205                 |  32|   0|   32|          0|
    |zext_ln16_reg_169                |   4|   0|   64|         60|
    |zext_ln16_reg_169_pp0_iter1_reg  |   4|   0|   64|         60|
    +---------------------------------+----+----+-----+-----------+
    |Total                            | 155|   0|  275|        120|
    +---------------------------------+----+----+-----+-----------+



================================================================
== Interface
================================================================
* Summary: 
+--------------+-----+-----+------------+--------------+--------------+
|   RTL Ports  | Dir | Bits|  Protocol  | Source Object|    C Type    |
+--------------+-----+-----+------------+--------------+--------------+
|ap_clk        |   in|    1|  ap_ctrl_hs|           fir|  return value|
|ap_rst        |   in|    1|  ap_ctrl_hs|           fir|  return value|
|ap_start      |   in|    1|  ap_ctrl_hs|           fir|  return value|
|ap_done       |  out|    1|  ap_ctrl_hs|           fir|  return value|
|ap_idle       |  out|    1|  ap_ctrl_hs|           fir|  return value|
|ap_ready      |  out|    1|  ap_ctrl_hs|           fir|  return value|
|in_r          |   in|   32|     ap_none|          in_r|        scalar|
|out_r         |  out|   32|      ap_vld|         out_r|       pointer|
|out_r_ap_vld  |  out|    1|      ap_vld|         out_r|       pointer|
+--------------+-----+-----+------------+--------------+--------------+

